// Jest Snapshot v1, https://goo.gl/fbAQLP

exports[`Home renders the profile card 1`] = `
<View
  style={
    [
      {
        "backgroundColor": "#F0EBE3",
        "minHeight": 1334,
        "padding": 20,
      },
      undefined,
      undefined,
    ]
  }
>
  <View>
    <View
      style={
        {
          "minHeight": 1334,
        }
      }
    >
      <RCTScrollView
        ListFooterComponent={
          <Memo
            hasListEnded={false}
          />
        }
        ListHeaderComponent={[Function]}
        data={
          [
            {
              "created": "2017-11-04T22:34:53.659Z",
              "episode": [
                "https://rickandmortyapi.com/api/episode/8",
              ],
              "gender": "Male",
              "id": 20,
              "image": "https://rickandmortyapi.com/api/character/avatar/20.jpeg",
              "location": {
                "name": "Interdimensional Cable",
                "url": "https://rickandmortyapi.com/api/location/6",
              },
              "name": "Ants in my Eyes Johnson",
              "origin": {
                "name": "unknown",
                "url": "",
              },
              "species": "Human",
              "status": "unknown",
              "type": "Human with ants in his eyes",
              "url": "https://rickandmortyapi.com/api/character/20",
            },
          ]
        }
        getItem={[Function]}
        getItemCount={[Function]}
        initialNumToRender={10}
        keyExtractor={[Function]}
        onContentSizeChange={[Function]}
        onEndReached={[Function]}
        onEndReachedThreshold={1}
        onLayout={[Function]}
        onMomentumScrollBegin={[Function]}
        onMomentumScrollEnd={[Function]}
        onScroll={[Function]}
        onScrollBeginDrag={[Function]}
        onScrollEndDrag={[Function]}
        removeClippedSubviews={true}
        renderItem={[Function]}
        scrollEventThrottle={50}
        showsVerticalScrollIndicator={false}
        stickyHeaderIndices={[]}
        viewabilityConfigCallbackPairs={[]}
        windowSize={1334}
      >
        <View>
          <View
            onLayout={[Function]}
          >
            <View>
              <Text
                style={
                  {
                    "backgroundColor": "#F0EBE3",
                    "color": "#2C3333",
                    "fontSize": 50,
                    "fontWeight": "700",
                  }
                }
              >
                The 
                <Text
                  style={
                    [
                      {
                        "backgroundColor": "#F0EBE3",
                        "color": "#2C3333",
                        "fontSize": 50,
                        "fontWeight": "700",
                      },
                      {
                        "textDecorationLine": "underline",
                      },
                    ]
                  }
                >
                  Rick and Morty
                </Text>
                 Wiki.
              </Text>
            </View>
          </View>
          <View
            onLayout={[Function]}
            style={null}
          >
            <View
              accessible={true}
              collapsable={false}
              focusable={true}
              onBlur={[Function]}
              onClick={[Function]}
              onFocus={[Function]}
              onResponderGrant={[Function]}
              onResponderMove={[Function]}
              onResponderRelease={[Function]}
              onResponderTerminate={[Function]}
              onResponderTerminationRequest={[Function]}
              onStartShouldSetResponder={[Function]}
              testID="ProfileCard.Pressable"
            >
              <View
                style={
                  {
                    "backgroundColor": "#E4DCCF",
                    "borderRadius": 14,
                    "display": "flex",
                    "flexDirection": "row",
                    "height": 234.375,
                    "marginVertical": 7,
                    "overflow": "hidden",
                    "padding": 5,
                    "width": "100%",
                  }
                }
              >
                <Image
                  source={
                    {
                      "uri": "https://rickandmortyapi.com/api/character/avatar/20.jpeg",
                    }
                  }
                  style={
                    {
                      "borderRadius": 14,
                      "height": "100%",
                      "width": 224.375,
                    }
                  }
                />
                <View
                  style={
                    {
                      "flex": 1,
                      "flexDirection": "row",
                      "justifyContent": "space-between",
                    }
                  }
                >
                  <View
                    style={
                      {
                        "flex": 1,
                        "justifyContent": "space-between",
                        "paddingRight": 10,
                      }
                    }
                  >
                    <Text
                      numberOfLines={1}
                      style={
                        {
                          "color": "#2C3333",
                          "fontSize": 20,
                          "fontWeight": "bold",
                          "marginHorizontal": 10,
                          "marginVertical": 5,
                          "textDecorationLine": "underline",
                        }
                      }
                    >
                      Ants in my Eyes Johnson
                    </Text>
                    <View
                      style={
                        {
                          "flexDirection": "row",
                          "justifyContent": "space-between",
                          "overflow": "hidden",
                        }
                      }
                    >
                      <Text
                        numberOfLines={1}
                        style={
                          [
                            {
                              "color": "#5E6666",
                              "fontSize": 16,
                              "marginHorizontal": 10,
                              "marginVertical": 5,
                            },
                            {
                              "textTransform": "uppercase",
                            },
                          ]
                        }
                      >
                        Human
                      </Text>
                      <Text
                        numberOfLines={1}
                        style={
                          {
                            "color": "#5E6666",
                            "fontSize": 16,
                            "marginHorizontal": 10,
                            "marginVertical": 5,
                          }
                        }
                      >
                        Human with ants in his eyes
                      </Text>
                    </View>
                    <View
                      style={
                        {
                          "flexDirection": "row",
                          "justifyContent": "space-between",
                          "overflow": "hidden",
                        }
                      }
                    >
                      <View
                        style={
                          {
                            "alignItems": "center",
                            "flexDirection": "row",
                          }
                        }
                      >
                        <View
                          style={
                            [
                              {
                                "borderRadius": 5,
                                "height": 5,
                                "marginLeft": 10,
                                "marginRight": 5,
                                "width": 5,
                              },
                              {
                                "backgroundColor": "#476072",
                              },
                            ]
                          }
                        />
                        <Text
                          style={
                            {
                              "color": "#5E6666",
                              "fontSize": 16,
                              "marginVertical": 5,
                            }
                          }
                        >
                          unknown
                        </Text>
                      </View>
                      <View
                        style={
                          {
                            "alignItems": "center",
                            "flexDirection": "row",
                          }
                        }
                      >
                        <Text
                          style={
                            {
                              "color": "#5E6666",
                              "fontSize": 16,
                              "marginVertical": 5,
                            }
                          }
                        >
                          <Text
                            style={
                              {
                                "fontSize": 20,
                              }
                            }
                          >
                            â™‚ 
                          </Text>
                          Male
                        </Text>
                      </View>
                    </View>
                  </View>
                  <View
                    style={
                      {
                        "justifyContent": "center",
                        "marginHorizontal": 5,
                      }
                    }
                  >
                    <Text
                      style={
                        {
                          "color": "#2C3333",
                          "fontSize": 22,
                          "fontWeight": "bold",
                        }
                      }
                    >
                      â†’
                    </Text>
                  </View>
                </View>
              </View>
            </View>
          </View>
          <View
            onLayout={[Function]}
          >
            <View
              style={
                {
                  "height": 266.8,
                }
              }
            >
              <ActivityIndicator
                color="#476072"
                size="small"
              />
            </View>
          </View>
        </View>
      </RCTScrollView>
    </View>
  </View>
</View>
`;
